=== KDV RocksDB Compaction Tool ===
Base path:      /tmp/mako_rocksdb_shard0_leader_pid109987
Shard id:       0
Shards:         1
Partitions:     6
Workers:        6
Dry run:        no

Partition 0: entries=201, old_bytes=66063783, new_bytes=66063783, savings=0%
Partition 1: entries=265, old_bytes=268198763, new_bytes=268198763, savings=0%
Partition 2: entries=216, old_bytes=172374321, new_bytes=172374321, savings=0%
[KDV Decode] count=1000, bases=1000, deltas=0, time_us=1202.03
[KDV Encode] count=1000, bases=1000, deltas=0, compression_ratio=1.00005, bandwidth_reduction=-0.00502099%, cache_size=318, evictions=0, time_us=1224.03
[KDV Policy Stats] no_base=0, chain_too_long=0, delta_too_large=0, base_too_old=0
Partition 3: entries=682, old_bytes=138573796, new_bytes=138573796, savings=0%
Partition 4: entries=205, old_bytes=58255968, new_bytes=58255968, savings=0%
Partition 5: entries=206, old_bytes=58587211, new_bytes=58587211, savings=0%

=== KDV Compaction Summary ===
Total entries:  1775
Total old bytes:762053842
Total new bytes:762053842
Total savings: 0%
Elapsed time:   48704 ms
